./bin/bash
./bin/cat
./bin/chgrp
./bin/chmod
./bin/chown
./bin/cp
./bin/cpio
./bin/date
./bin/dd
./bin/df
./bin/dmesg
./bin/echo
./bin/egrep
./bin/false
./bin/fgrep
./bin/find
./bin/findmnt
./bin/fuser
./bin/grep
./bin/gunzip
./bin/gzip
./bin/head
./bin/hostname
./bin/journalctl
./bin/kbd_mode
./bin/kill
./bin/killall
./bin/kmod
./bin/ln
./bin/login
./bin/loginctl
./bin/ls
./bin/lsblk
./bin/lsmod
./bin/mkdir
./bin/mknod
./bin/modprobe
./bin/more
./bin/mount
./bin/mountpoint
./bin/mv
./bin/nice
./bin/passwd
./bin/ping
./bin/ping6
./bin/ps
./bin/pwd
./bin/rm
./bin/rmdir
./bin/sed
./bin/sh
./bin/sleep
./bin/stty
./bin/su
./bin/sync
./bin/systemctl
./bin/systemd-ask-password
./bin/systemd-inhibit
./bin/systemd-machine-id-setup
./bin/systemd-notify
./bin/systemd-tmpfiles
./bin/systemd-tty-ask-password-agent
./bin/tar
./bin/true
./bin/udevadm
./bin/umount
./bin/uname
./bin/zcat
./etc/X11/monitor-eonon.conf
./etc/X11/xorg.conf.d/xorg-monitor.conf
./etc/X11/xorg.conf.d/xorg-driver.conf
./etc/X11/xorg.conf.d/fonts.conf
./etc/X11/xorg.conf.d/xkb-defaults.conf
./etc/avrdude.conf
./etc/colors
./etc/conf.d/network
./etc/dbus-1/session.conf
./etc/dbus-1/session.d
./etc/dbus-1/system.conf
./etc/dbus-1/system.d/org.freedesktop.hostname1.conf
./etc/dbus-1/system.d/org.freedesktop.login1.conf
./etc/dbus-1/system.d/org.freedesktop.systemd1.conf
./etc/dbus-1/system.d/org.freedesktop.timedate1.conf
./etc/em.conf
./etc/fonts/fonts.conf
./etc/fonts/fonts.dtd
./etc/group
./etc/gshadow
./etc/hostname
./etc/hosts
./etc/inputrc
./etc/iproute2/ematch_map
./etc/iproute2/group
./etc/iproute2/rt_dsfield
./etc/iproute2/rt_protos
./etc/iproute2/rt_realms
./etc/iproute2/rt_scopes
./etc/iproute2/rt_tables
./etc/ld.so.cache
./etc/ld.so.conf
./etc/locale.conf
./etc/localtime
./etc/login.defs
./etc/machine-id
./etc/mencoder.conf
./etc/modprobe.d/bttv.conf
./etc/modprobe.d/fanout.conf
./etc/modules-load.d/fanout.conf
./etc/mozpluggerrc
./etc/mplayer.conf
./etc/mtab
./etc/nsswitch.conf
./etc/ntp.conf
./etc/pango/pango.modules
./etc/passwd
./etc/profile
./etc/protocols
./etc/resolv.conf
./etc/rpc
./etc/sensors3.conf
./etc/services
./etc/shadow
./etc/shells
./etc/smartd.conf
./etc/ssh/moduli
./etc/ssh/ssh_config
./etc/ssh/ssh_host_dsa_key
./etc/ssh/ssh_host_dsa_key.pub
./etc/ssh/ssh_host_ecdsa_key
./etc/ssh/ssh_host_ecdsa_key.pub
./etc/ssh/ssh_host_key
./etc/ssh/ssh_host_key.pub
./etc/ssh/ssh_host_rsa_key
./etc/ssh/ssh_host_rsa_key.pub
./etc/ssh/sshd_config
./etc/ssl/openssl.cnf
./etc/sudoers
./etc/sysctl.conf
./etc/systemd/bootchart.conf
./etc/systemd/journald.conf
./etc/systemd/logind.conf
./etc/systemd/ntp-units.d/ntp.list
./etc/systemd/system.conf
./etc/systemd/system/boot.mount
./etc/systemd/system/capture-bttv.service
./etc/systemd/system/copy-to-data-disk-shutdown.service
./etc/systemd/system/copy-to-data-disk.service
./etc/systemd/system/copy-to-data-disk.timer
./etc/systemd/system/dbus.service
./etc/systemd/system/dbus.socket
./etc/systemd/system/default.target.wants/capture-bttv.service
./etc/systemd/system/default.target.wants/copy-to-data-disk-shutdown.service
./etc/systemd/system/default.target.wants/copy-to-data-disk.timer
./etc/systemd/system/default.target.wants/em-rec.service
./etc/systemd/system/default.target.wants/gpsd.service
./etc/systemd/system/default.target.wants/ntpd.service
./etc/systemd/system/default.target.wants/sensors.timer
./etc/systemd/system/default.target.wants/serial-setup.service
./etc/systemd/system/default.target.wants/smartctl.timer
./etc/systemd/system/elog-server.service
./etc/systemd/system/em-rec.service
./etc/systemd/system/getty.target.wants/getty@tty1.service
./etc/systemd/system/gpsd.service
./etc/systemd/system/graphical.target.wants/elog-server.service
./etc/systemd/system/graphical.target.wants/startx.service
./etc/systemd/system/graphical.target.wants/web-server.service
./etc/systemd/system/local-fs.target.wants/var.mount
./etc/systemd/system/mnt-data.mount
./etc/systemd/system/multi-user.target.wants/network.service
./etc/systemd/system/multi-user.target.wants/tmp-user.service
./etc/systemd/system/network.service
./etc/systemd/system/network.target.wants/sshd.service
./etc/systemd/system/ntpd.service
./etc/systemd/system/sensors.service
./etc/systemd/system/sensors.timer
./etc/systemd/system/serial-setup.service
./etc/systemd/system/smartctl.service
./etc/systemd/system/smartctl.timer
./etc/systemd/system/sshd.service
./etc/systemd/system/startx.service
./etc/systemd/system/swap.target.wants/var-swapfile.swap
./etc/systemd/system/tmp-user.service
./etc/systemd/system/var-swapfile.swap
./etc/systemd/system/var.mount
./etc/systemd/system/web-server.service
./etc/systemd/user.conf
./etc/udev/hwdb.bin
./etc/udev/rules.d/51-fanout.rules
./etc/udev/rules.d/52-arduino.rules
./etc/udev/rules.d/61-disk.rules
./etc/udev/udev.conf
./etc/vimrc
./home/ecotrust
./home/user/.bashrc
./home/user/.mozilla/firefox/default/extensions.ini
./home/user/.mozilla/firefox/default/extensions/{4D498D0A-05AD-4fdb-97B5-8A0AABC1FC5B}/chrome.manifest
./home/user/.mozilla/firefox/default/extensions/{4D498D0A-05AD-4fdb-97B5-8A0AABC1FC5B}/content/rkioskbrowser.js
./home/user/.mozilla/firefox/default/extensions/{4D498D0A-05AD-4fdb-97B5-8A0AABC1FC5B}/content/rkioskbrowser.xul
./home/user/.mozilla/firefox/default/extensions/{4D498D0A-05AD-4fdb-97B5-8A0AABC1FC5B}/content/rkioskunknownContentType.xul
./home/user/.mozilla/firefox/default/extensions/{4D498D0A-05AD-4fdb-97B5-8A0AABC1FC5B}/content/rkioskxpinstallConfirm.xul
./home/user/.mozilla/firefox/default/extensions/{4D498D0A-05AD-4fdb-97B5-8A0AABC1FC5B}/install.rdf
./home/user/.mozilla/firefox/default/plugins/mozplugger.so
./home/user/.mozilla/firefox/default/prefs.js
./home/user/.mozilla/firefox/profiles.ini
./home/user/.mozilla/plugins/mozplugger0.so
./home/user/.xinitrc
./lib/firmware/rtl_nic/rtl8168d-1.fw
./lib/firmware/rtl_nic/rtl8168d-2.fw
./lib/firmware/rtl_nic/rtl8168e-1.fw
./lib/firmware/rtl_nic/rtl8168e-2.fw
./lib/firmware/rtl_nic/rtl8168e-3.fw
./lib/kbd/consoletrans/8859-1_to_uni.trans
./lib/kbd/consoletrans/null
./lib/kbd/consoletrans/space
./lib/kbd/consoletrans/trivial
./lib/kbd/consoletrans/utflist
./lib/kbd/consoletrans/vga2iso
./lib/kbd/consoletrans/zero
./lib/kbd/keymaps/i386/include/backspace.map.gz
./lib/kbd/keymaps/i386/include/compose.inc
./lib/kbd/keymaps/i386/include/ctrl.map.gz
./lib/kbd/keymaps/i386/include/keypad.map.gz
./lib/kbd/keymaps/i386/include/linux-keys-bare.inc
./lib/kbd/keymaps/i386/include/linux-keys-extd.inc
./lib/kbd/keymaps/i386/include/linux-with-alt-and-altgr.inc
./lib/kbd/keymaps/i386/include/linux-with-modeshift-altgr.inc
./lib/kbd/keymaps/i386/include/linux-with-two-alt-keys.inc
./lib/kbd/keymaps/i386/include/qwerty-layout.inc
./lib/kbd/keymaps/i386/include/unicode.map.gz
./lib/kbd/keymaps/i386/include/windowkeys.map.gz
./lib/kbd/keymaps/i386/qwerty/defkeymap.map.gz
./lib/kbd/keymaps/i386/qwerty/defkeymap_V1.0.map.gz
./lib/kbd/keymaps/i386/qwerty/us.map.gz
./lib/kbd/unimaps/ascii.20-7f.uni
./lib/kbd/unimaps/def.uni
./lib/kbd/unimaps/empty.uni
./lib/kbd/unimaps/iso01.uni
./lib/ld-2.16.so
./lib/libattr.so.1.1.0
./lib/libblkid.so.1.1.0
./lib/libbz2.so.1.0.6
./lib/libc-2.16.so
./lib/libcap.so.2.22
./lib/libcom_err.so.2.1
./lib/libcrypt-2.16.so
./lib/libdl-2.16.so
./lib/libe2p.so.2.3
./lib/libext2fs.so.2.4
./lib/libhistory.so.6.2
./lib/libkmod.so.2.2.0
./lib/liblzma.so.5.0.4
./lib/libm-2.16.so
./lib/libmount.so.1.1.0
./lib/libncursesw.so.5.9
./lib/libnsl-2.16.so
./lib/libnss_dns-2.16.so
./lib/libnss_files-2.16.so
./lib/libpcre.so.1.0.1
./lib/libproc-3.2.8.so
./lib/libpthread-2.16.so
./lib/libreadline.so.6.2
./lib/libresolv-2.16.so
./lib/librt-2.16.so
./lib/libsystemd-daemon.so.0.0.10
./lib/libsystemd-journal.so.0.10.2
./lib/libsystemd-login.so.0.7.1
./lib/libudev.so.1.3.5
./lib/libutil-2.16.so
./lib/libuuid.so.1.3.0
./lib/libz.so.1.2.7
./lib/systemd/system-generators/systemd-fstab-generator
./lib/systemd/system-generators/systemd-getty-generator
./lib/systemd/system-generators/systemd-system-update-generator
./lib/systemd/system/autovt@.service
./lib/systemd/system/basic.target
./lib/systemd/system/bluetooth.target
./lib/systemd/system/console-getty.service
./lib/systemd/system/console-shell.service
./lib/systemd/system/ctrl-alt-del.target
./lib/systemd/system/dbus-org.freedesktop.hostname1.service
./lib/systemd/system/dbus-org.freedesktop.login1.service
./lib/systemd/system/dbus-org.freedesktop.timedate1.service
./lib/systemd/system/dbus.service
./lib/systemd/system/dbus.socket
./lib/systemd/system/dbus.target.wants/dbus.socket
./lib/systemd/system/debug-shell.service
./lib/systemd/system/default.target
./lib/systemd/system/dev-hugepages.mount
./lib/systemd/system/dev-mqueue.mount
./lib/systemd/system/emergency.service
./lib/systemd/system/emergency.target
./lib/systemd/system/final.target
./lib/systemd/system/getty.target
./lib/systemd/system/getty@.service
./lib/systemd/system/graphical.target
./lib/systemd/system/halt.target
./lib/systemd/system/hibernate.target
./lib/systemd/system/hybrid-sleep.target
./lib/systemd/system/initrd-cleanup.service
./lib/systemd/system/initrd-fs.target
./lib/systemd/system/initrd-parse-etc.service
./lib/systemd/system/initrd-root-fs.target
./lib/systemd/system/initrd-switch-root.service
./lib/systemd/system/initrd-switch-root.target
./lib/systemd/system/initrd-udevadm-cleanup-db.service
./lib/systemd/system/initrd.target
./lib/systemd/system/kexec.target
./lib/systemd/system/local-fs-pre.target
./lib/systemd/system/local-fs.target
./lib/systemd/system/local-fs.target.wants/systemd-fsck-root.service
./lib/systemd/system/local-fs.target.wants/systemd-remount-fs.service
./lib/systemd/system/local-fs.target.wants/tmp.mount
./lib/systemd/system/multi-user.target
./lib/systemd/system/multi-user.target.wants/dbus.service
./lib/systemd/system/multi-user.target.wants/getty.target
./lib/systemd/system/multi-user.target.wants/systemd-ask-password-wall.path
./lib/systemd/system/multi-user.target.wants/systemd-logind.service
./lib/systemd/system/multi-user.target.wants/systemd-user-sessions.service
./lib/systemd/system/network-online.target
./lib/systemd/system/network.target
./lib/systemd/system/nss-lookup.target
./lib/systemd/system/nss-user-lookup.target
./lib/systemd/system/paths.target
./lib/systemd/system/poweroff.target
./lib/systemd/system/printer.target
./lib/systemd/system/quotaon.service
./lib/systemd/system/reboot.target
./lib/systemd/system/remote-fs-pre.target
./lib/systemd/system/remote-fs.target
./lib/systemd/system/rescue.service
./lib/systemd/system/rescue.target
./lib/systemd/system/rpcbind.target
./lib/systemd/system/serial-getty@.service
./lib/systemd/system/shutdown.target
./lib/systemd/system/shutdown.target.wants/systemd-random-seed-save.service
./lib/systemd/system/shutdown.target.wants/systemd-update-utmp-shutdown.service
./lib/systemd/system/sigpwr.target
./lib/systemd/system/sleep.target
./lib/systemd/system/smartcard.target
./lib/systemd/system/sockets.target
./lib/systemd/system/sockets.target.wants/dbus.socket
./lib/systemd/system/sockets.target.wants/systemd-initctl.socket
./lib/systemd/system/sockets.target.wants/systemd-journald.socket
./lib/systemd/system/sockets.target.wants/systemd-shutdownd.socket
./lib/systemd/system/sockets.target.wants/systemd-udevd-control.socket
./lib/systemd/system/sockets.target.wants/systemd-udevd-kernel.socket
./lib/systemd/system/sound.target
./lib/systemd/system/suspend.target
./lib/systemd/system/swap.target
./lib/systemd/system/sys-fs-fuse-connections.mount
./lib/systemd/system/sys-kernel-config.mount
./lib/systemd/system/sys-kernel-debug.mount
./lib/systemd/system/sysinit.target
./lib/systemd/system/sysinit.target.wants/dev-hugepages.mount
./lib/systemd/system/sysinit.target.wants/dev-mqueue.mount
./lib/systemd/system/sysinit.target.wants/sys-fs-fuse-connections.mount
./lib/systemd/system/sysinit.target.wants/sys-kernel-config.mount
./lib/systemd/system/sysinit.target.wants/sys-kernel-debug.mount
./lib/systemd/system/sysinit.target.wants/systemd-ask-password-console.path
./lib/systemd/system/sysinit.target.wants/systemd-journal-flush.service
./lib/systemd/system/sysinit.target.wants/systemd-journald.service
./lib/systemd/system/sysinit.target.wants/systemd-modules-load.service
./lib/systemd/system/sysinit.target.wants/systemd-random-seed-load.service
./lib/systemd/system/sysinit.target.wants/systemd-sysctl.service
./lib/systemd/system/sysinit.target.wants/systemd-tmpfiles-setup-dev.service
./lib/systemd/system/sysinit.target.wants/systemd-tmpfiles-setup.service
./lib/systemd/system/sysinit.target.wants/systemd-udev-trigger.service
./lib/systemd/system/sysinit.target.wants/systemd-udevd.service
./lib/systemd/system/sysinit.target.wants/systemd-vconsole-setup.service
./lib/systemd/system/syslog.socket
./lib/systemd/system/system-update.target
./lib/systemd/system/systemd-ask-password-console.path
./lib/systemd/system/systemd-ask-password-console.service
./lib/systemd/system/systemd-ask-password-wall.path
./lib/systemd/system/systemd-ask-password-wall.service
./lib/systemd/system/systemd-fsck-root.service
./lib/systemd/system/systemd-fsck@.service
./lib/systemd/system/systemd-halt.service
./lib/systemd/system/systemd-hibernate.service
./lib/systemd/system/systemd-hostnamed.service
./lib/systemd/system/systemd-hybrid-sleep.service
./lib/systemd/system/systemd-initctl.service
./lib/systemd/system/systemd-initctl.socket
./lib/systemd/system/systemd-journal-flush.service
./lib/systemd/system/systemd-journald.service
./lib/systemd/system/systemd-journald.socket
./lib/systemd/system/systemd-kexec.service
./lib/systemd/system/systemd-logind.service
./lib/systemd/system/systemd-modules-load.service
./lib/systemd/system/systemd-nspawn@.service
./lib/systemd/system/systemd-poweroff.service
./lib/systemd/system/systemd-random-seed-load.service
./lib/systemd/system/systemd-random-seed-save.service
./lib/systemd/system/systemd-readahead-collect.service
./lib/systemd/system/systemd-readahead-done.service
./lib/systemd/system/systemd-readahead-done.timer
./lib/systemd/system/systemd-readahead-drop.service
./lib/systemd/system/systemd-readahead-replay.service
./lib/systemd/system/systemd-reboot.service
./lib/systemd/system/systemd-remount-fs.service
./lib/systemd/system/systemd-shutdownd.service
./lib/systemd/system/systemd-shutdownd.socket
./lib/systemd/system/systemd-suspend.service
./lib/systemd/system/systemd-sysctl.service
./lib/systemd/system/systemd-timedated.service
./lib/systemd/system/systemd-tmpfiles-clean.service
./lib/systemd/system/systemd-tmpfiles-clean.timer
./lib/systemd/system/systemd-tmpfiles-setup-dev.service
./lib/systemd/system/systemd-tmpfiles-setup.service
./lib/systemd/system/systemd-udev-settle.service
./lib/systemd/system/systemd-udev-trigger.service
./lib/systemd/system/systemd-udevd-control.socket
./lib/systemd/system/systemd-udevd-kernel.socket
./lib/systemd/system/systemd-udevd.service
./lib/systemd/system/systemd-update-utmp-runlevel.service
./lib/systemd/system/systemd-update-utmp-shutdown.service
./lib/systemd/system/systemd-user-sessions.service
./lib/systemd/system/systemd-vconsole-setup.service
./lib/systemd/system/time-sync.target
./lib/systemd/system/timers.target
./lib/systemd/system/timers.target.wants/systemd-tmpfiles-clean.timer
./lib/systemd/system/tmp.mount
./lib/systemd/system/umount.target
./lib/systemd/system/user@.service
./lib/systemd/systemd
./lib/systemd/systemd-ac-power
./lib/systemd/systemd-activate
./lib/systemd/systemd-bootchart
./lib/systemd/systemd-cgroups-agent
./lib/systemd/systemd-fsck
./lib/systemd/systemd-hostnamed
./lib/systemd/systemd-initctl
./lib/systemd/systemd-journald
./lib/systemd/systemd-logind
./lib/systemd/systemd-modules-load
./lib/systemd/systemd-multi-seat-x
./lib/systemd/systemd-random-seed
./lib/systemd/systemd-readahead
./lib/systemd/systemd-remount-fs
./lib/systemd/systemd-reply-password
./lib/systemd/systemd-shutdown
./lib/systemd/systemd-shutdownd
./lib/systemd/systemd-sleep
./lib/systemd/systemd-sysctl
./lib/systemd/systemd-timedated
./lib/systemd/systemd-timestamp
./lib/systemd/systemd-udevd
./lib/systemd/systemd-update-utmp
./lib/systemd/systemd-user-sessions
./lib/systemd/systemd-vconsole-setup
./lib/udev/accelerometer
./lib/udev/ata_id
./lib/udev/cdrom_id
./lib/udev/collect
./lib/udev/hwdb.d/20-OUI.hwdb
./lib/udev/hwdb.d/20-acpi-vendor.hwdb
./lib/udev/hwdb.d/20-bluetooth-vendor-product.hwdb
./lib/udev/hwdb.d/20-pci-classes.hwdb
./lib/udev/hwdb.d/20-pci-vendor-model.hwdb
./lib/udev/hwdb.d/20-usb-classes.hwdb
./lib/udev/hwdb.d/20-usb-vendor-model.hwdb
./lib/udev/mtd_probe
./lib/udev/rules.d/42-usb-hid-pm.rules
./lib/udev/rules.d/50-firmware.rules
./lib/udev/rules.d/50-udev-default.rules
./lib/udev/rules.d/60-persistent-input.rules
./lib/udev/rules.d/60-persistent-serial.rules
./lib/udev/rules.d/60-persistent-storage.rules
./lib/udev/rules.d/60-persistent-v4l.rules
./lib/udev/rules.d/70-power-switch.rules
./lib/udev/rules.d/70-uaccess.rules
./lib/udev/rules.d/71-seat.rules
./lib/udev/rules.d/73-seat-late.rules
./lib/udev/rules.d/75-net-description.rules
./lib/udev/rules.d/75-probe_mtd.rules
./lib/udev/rules.d/75-tty-description.rules
./lib/udev/rules.d/80-drivers.rules
./lib/udev/rules.d/95-udev-late.rules
./lib/udev/rules.d/99-systemd.rules
./lib/udev/scsi_id
./lib/udev/v4l_id
./lib64
./opt/elog/public/images/logbook-inverse.png
./opt/elog/public/stylesheets/bg.png
./opt/elog/public/evtr.jpg
./opt/elog/public/images/logo-bw.jpg
./opt/em/arduino/pro328.hex
./opt/em/arduino/pro5v328.hex
./opt/em/arduino/promicro16.hex
./opt/em/bin/check-browser-video.sh
./opt/em/bin/copy-to-data-disk.sh
./opt/em/bin/create-fanout-devs.sh
./opt/em/bin/em
./opt/em/bin/em-rec
./opt/em/bin/modules/onsite.sh
./opt/em/bin/serial-setup.sh
./opt/em/lib/config.js
./opt/em/lib/routes.js
./opt/em/public/a_ferry_lanes.kml
./opt/em/public/a_home_ports.kml
./opt/em/public/westport.kml
./opt/em/public/css/fontello-embedded.css
./opt/em/public/css/style.css
./opt/em/public/js/dial.js
./opt/em/public/js/jquery-1.4.2.min.js
./opt/em/public/js/raphael-min.js
./opt/em/public/js/sensors.js
./opt/em/public/js/underscore.js
./opt/em/public/js/util.js
./opt/em/public/js/vms.js
./opt/em/public/maine_portland.kml
./opt/em/public/options.json
./opt/em/public/states.json
./opt/em/public/vancouver.kml
./opt/em/public/wood-small.jpg
./opt/em/public/wood.jpg
./opt/em/server.js
./opt/em/src/grub.cfg
./opt/em/views/index.jade
./opt/em/views/layout.jade
./opt/firefox/Throbber-small.gif
./opt/firefox/application.ini
./opt/firefox/browser/blocklist.xml
./opt/firefox/browser/chrome.manifest
./opt/firefox/browser/chrome/icons/default/default16.png
./opt/firefox/browser/chrome/icons/default/default32.png
./opt/firefox/browser/chrome/icons/default/default48.png
./opt/firefox/browser/components/components.manifest
./opt/firefox/browser/components/libbrowsercomps.so
./opt/firefox/browser/crashreporter-override.ini
./opt/firefox/browser/extensions/{972ce4c6-7e08-4474-a285-3208198ce6fd}/icon.png
./opt/firefox/browser/extensions/{972ce4c6-7e08-4474-a285-3208198ce6fd}/install.rdf
./opt/firefox/browser/icons/mozicon128.png
./opt/firefox/browser/omni.ja
./opt/firefox/chrome.manifest
./opt/firefox/components/components.manifest
./opt/firefox/components/libdbusservice.so
./opt/firefox/components/libmozgnome.so
./opt/firefox/crashreporter
./opt/firefox/crashreporter.ini
./opt/firefox/defaults/pref/channel-prefs.js
./opt/firefox/dependentlibs.list
./opt/firefox/firefox
./opt/firefox/firefox-bin
./opt/firefox/icons/updater.png
./opt/firefox/libfreebl3.chk
./opt/firefox/libfreebl3.so
./opt/firefox/libmozalloc.so
./opt/firefox/libmozsqlite3.so
./opt/firefox/libnspr4.so
./opt/firefox/libnss3.so
./opt/firefox/libnssckbi.so
./opt/firefox/libnssdbm3.chk
./opt/firefox/libnssdbm3.so
./opt/firefox/libnssutil3.so
./opt/firefox/libplc4.so
./opt/firefox/libplds4.so
./opt/firefox/libsmime3.so
./opt/firefox/libsoftokn3.chk
./opt/firefox/libsoftokn3.so
./opt/firefox/libssl3.so
./opt/firefox/libxul.so
./opt/firefox/mozilla-xremote-client
./opt/firefox/omni.ja
./opt/firefox/plugin-container
./opt/firefox/run-mozilla.sh
./opt/firefox/webapprt-stub
./opt/firefox/webapprt/omni.ja
./opt/firefox/webapprt/webapprt.ini
./opt/xorg/bin/X
./opt/xorg/bin/Xorg
./opt/xorg/bin/cvt
./opt/xorg/bin/gtf
./opt/xorg/bin/hsetroot
./opt/xorg/bin/iceauth
./opt/xorg/bin/sessreg
./opt/xorg/bin/setxkbmap
./opt/xorg/bin/startx
./opt/xorg/bin/xauth
./opt/xorg/bin/xhost
./opt/xorg/bin/xinit
./opt/xorg/bin/xkbcomp
./opt/xorg/bin/xkeystone
./opt/xorg/bin/xrandr
./opt/xorg/bin/xrdb
./opt/xorg/bin/xset
./opt/xorg/bin/xsetroot
./opt/xorg/bin/xwd
./opt/xorg/lib/X11
./opt/xorg/lib/X11/Xcms.txt
./opt/xorg/lib/libICE.so.6.3.0
./opt/xorg/lib/libSM.so.6.0.1
./opt/xorg/lib/libX11-xcb.so.1.0.0
./opt/xorg/lib/libX11.so.6.3.0
./opt/xorg/lib/libXau.so.6.0.0
./opt/xorg/lib/libXcomposite.so.1.0.0
./opt/xorg/lib/libXcursor.so.1.0.2
./opt/xorg/lib/libXdamage.so.1.1.0
./opt/xorg/lib/libXdmcp.so.6.0.0
./opt/xorg/lib/libXext.so.6.4.0
./opt/xorg/lib/libXfixes.so.3.1.0
./opt/xorg/lib/libXfont.so.1.4.1
./opt/xorg/lib/libXft.so.2.3.1
./opt/xorg/lib/libXmuu.so.1.0.0
./opt/xorg/lib/libXrandr.so.2.2.0
./opt/xorg/lib/libXrender.so.1.3.0
./opt/xorg/lib/libXt.so.6.0.0
./opt/xorg/lib/libXv.so.1.0.0
./opt/xorg/lib/libXvMC.so.1.0.0
./opt/xorg/lib/libXvMCW.so.1.0.0
./opt/xorg/lib/libXxf86dga.so.1.0.0
./opt/xorg/lib/libXxf86vm.so.1.0.0
./opt/xorg/lib/libfontenc.so.1.0.0
./opt/xorg/lib/libpciaccess.so.0.11.1
./opt/xorg/lib/libxcb-dri2.so.0.0.0
./opt/xorg/lib/libxcb-glx.so.0.0.0
./opt/xorg/lib/libxcb-render.so.0.0.0
./opt/xorg/lib/libxcb-shm.so.0.0.0
./opt/xorg/lib/libxcb.so.1.1.0
./opt/xorg/lib/libxkbfile.so.1.0.2
./opt/xorg/lib/xorg/modules/drivers/intel_drv.so
./opt/xorg/lib/xorg/modules/drivers/modesetting_drv.so
./opt/xorg/lib/xorg/modules/drivers/vesa_drv.so
./opt/xorg/lib/xorg/modules/extensions/libglx.so
./opt/xorg/lib/xorg/modules/input/evdev_drv.so
./opt/xorg/lib/xorg/modules/libexa.so
./opt/xorg/lib/xorg/modules/libfb.so
./opt/xorg/lib/xorg/modules/libfbdevhw.so
./opt/xorg/lib/xorg/modules/libint10.so
./opt/xorg/lib/xorg/modules/libshadow.so
./opt/xorg/lib/xorg/modules/libshadowfb.so
./opt/xorg/lib/xorg/modules/libvbe.so
./opt/xorg/lib/xorg/modules/libvgahw.so
./opt/xorg/lib/xorg/modules/libwfb.so
./opt/xorg/lib/xorg/protocol.txt
./opt/xorg/lib64
./opt/xorg/share/X11/XErrorDB
./opt/xorg/share/X11/locale/C/Compose
./opt/xorg/share/X11/locale/C/XI18N_OBJS
./opt/xorg/share/X11/locale/C/XLC_LOCALE
./opt/xorg/share/X11/locale/compose.dir
./opt/xorg/share/X11/locale/en_US.UTF-8/Compose
./opt/xorg/share/X11/locale/en_US.UTF-8/XI18N_OBJS
./opt/xorg/share/X11/locale/en_US.UTF-8/XLC_LOCALE
./opt/xorg/share/X11/locale/locale.alias
./opt/xorg/share/X11/locale/locale.dir
./opt/xorg/share/X11/xkb/compat/accessx
./opt/xorg/share/X11/xkb/compat/basic
./opt/xorg/share/X11/xkb/compat/caps
./opt/xorg/share/X11/xkb/compat/complete
./opt/xorg/share/X11/xkb/compat/iso9995
./opt/xorg/share/X11/xkb/compat/japan
./opt/xorg/share/X11/xkb/compat/ledcaps
./opt/xorg/share/X11/xkb/compat/lednum
./opt/xorg/share/X11/xkb/compat/ledscroll
./opt/xorg/share/X11/xkb/compat/level5
./opt/xorg/share/X11/xkb/compat/misc
./opt/xorg/share/X11/xkb/compat/mousekeys
./opt/xorg/share/X11/xkb/compat/olpc
./opt/xorg/share/X11/xkb/compat/pc
./opt/xorg/share/X11/xkb/compat/pc98
./opt/xorg/share/X11/xkb/compat/xfree86
./opt/xorg/share/X11/xkb/compat/xtest
./opt/xorg/share/X11/xkb/geometry/amiga
./opt/xorg/share/X11/xkb/geometry/ataritt
./opt/xorg/share/X11/xkb/geometry/chicony
./opt/xorg/share/X11/xkb/geometry/dell
./opt/xorg/share/X11/xkb/geometry/everex
./opt/xorg/share/X11/xkb/geometry/fujitsu
./opt/xorg/share/X11/xkb/geometry/hhk
./opt/xorg/share/X11/xkb/geometry/hp
./opt/xorg/share/X11/xkb/geometry/keytronic
./opt/xorg/share/X11/xkb/geometry/kinesis
./opt/xorg/share/X11/xkb/geometry/macintosh
./opt/xorg/share/X11/xkb/geometry/microsoft
./opt/xorg/share/X11/xkb/geometry/nec
./opt/xorg/share/X11/xkb/geometry/nokia
./opt/xorg/share/X11/xkb/geometry/northgate
./opt/xorg/share/X11/xkb/geometry/pc
./opt/xorg/share/X11/xkb/geometry/sanwa
./opt/xorg/share/X11/xkb/geometry/sony
./opt/xorg/share/X11/xkb/geometry/sun
./opt/xorg/share/X11/xkb/geometry/thinkpad
./opt/xorg/share/X11/xkb/geometry/typematrix
./opt/xorg/share/X11/xkb/geometry/winbook
./opt/xorg/share/X11/xkb/keycodes/aliases
./opt/xorg/share/X11/xkb/keycodes/amiga
./opt/xorg/share/X11/xkb/keycodes/ataritt
./opt/xorg/share/X11/xkb/keycodes/empty
./opt/xorg/share/X11/xkb/keycodes/evdev
./opt/xorg/share/X11/xkb/keycodes/fujitsu
./opt/xorg/share/X11/xkb/keycodes/hp
./opt/xorg/share/X11/xkb/keycodes/ibm
./opt/xorg/share/X11/xkb/keycodes/macintosh
./opt/xorg/share/X11/xkb/keycodes/sony
./opt/xorg/share/X11/xkb/keycodes/sun
./opt/xorg/share/X11/xkb/keycodes/xfree86
./opt/xorg/share/X11/xkb/keycodes/xfree98
./opt/xorg/share/X11/xkb/rules/base
./opt/xorg/share/X11/xkb/rules/base.extras.xml
./opt/xorg/share/X11/xkb/rules/base.lst
./opt/xorg/share/X11/xkb/rules/base.xml
./opt/xorg/share/X11/xkb/rules/evdev
./opt/xorg/share/X11/xkb/rules/evdev.extras.xml
./opt/xorg/share/X11/xkb/rules/evdev.lst
./opt/xorg/share/X11/xkb/rules/evdev.xml
./opt/xorg/share/X11/xkb/rules/xfree98
./opt/xorg/share/X11/xkb/rules/xkb.dtd
./opt/xorg/share/X11/xkb/rules/xorg
./opt/xorg/share/X11/xkb/rules/xorg.lst
./opt/xorg/share/X11/xkb/rules/xorg.xml
./opt/xorg/share/X11/xkb/symbols/af
./opt/xorg/share/X11/xkb/symbols/al
./opt/xorg/share/X11/xkb/symbols/altwin
./opt/xorg/share/X11/xkb/symbols/am
./opt/xorg/share/X11/xkb/symbols/apl
./opt/xorg/share/X11/xkb/symbols/ara
./opt/xorg/share/X11/xkb/symbols/at
./opt/xorg/share/X11/xkb/symbols/az
./opt/xorg/share/X11/xkb/symbols/ba
./opt/xorg/share/X11/xkb/symbols/bd
./opt/xorg/share/X11/xkb/symbols/be
./opt/xorg/share/X11/xkb/symbols/bg
./opt/xorg/share/X11/xkb/symbols/br
./opt/xorg/share/X11/xkb/symbols/brai
./opt/xorg/share/X11/xkb/symbols/bt
./opt/xorg/share/X11/xkb/symbols/bw
./opt/xorg/share/X11/xkb/symbols/by
./opt/xorg/share/X11/xkb/symbols/ca
./opt/xorg/share/X11/xkb/symbols/capslock
./opt/xorg/share/X11/xkb/symbols/cd
./opt/xorg/share/X11/xkb/symbols/ch
./opt/xorg/share/X11/xkb/symbols/cm
./opt/xorg/share/X11/xkb/symbols/cn
./opt/xorg/share/X11/xkb/symbols/compose
./opt/xorg/share/X11/xkb/symbols/ctrl
./opt/xorg/share/X11/xkb/symbols/cz
./opt/xorg/share/X11/xkb/symbols/de
./opt/xorg/share/X11/xkb/symbols/dk
./opt/xorg/share/X11/xkb/symbols/ee
./opt/xorg/share/X11/xkb/symbols/empty
./opt/xorg/share/X11/xkb/symbols/epo
./opt/xorg/share/X11/xkb/symbols/es
./opt/xorg/share/X11/xkb/symbols/et
./opt/xorg/share/X11/xkb/symbols/eurosign
./opt/xorg/share/X11/xkb/symbols/fi
./opt/xorg/share/X11/xkb/symbols/fo
./opt/xorg/share/X11/xkb/symbols/fr
./opt/xorg/share/X11/xkb/symbols/gb
./opt/xorg/share/X11/xkb/symbols/ge
./opt/xorg/share/X11/xkb/symbols/gh
./opt/xorg/share/X11/xkb/symbols/gn
./opt/xorg/share/X11/xkb/symbols/gr
./opt/xorg/share/X11/xkb/symbols/group
./opt/xorg/share/X11/xkb/symbols/hr
./opt/xorg/share/X11/xkb/symbols/hu
./opt/xorg/share/X11/xkb/symbols/ie
./opt/xorg/share/X11/xkb/symbols/il
./opt/xorg/share/X11/xkb/symbols/in
./opt/xorg/share/X11/xkb/symbols/inet
./opt/xorg/share/X11/xkb/symbols/iq
./opt/xorg/share/X11/xkb/symbols/ir
./opt/xorg/share/X11/xkb/symbols/is
./opt/xorg/share/X11/xkb/symbols/it
./opt/xorg/share/X11/xkb/symbols/jp
./opt/xorg/share/X11/xkb/symbols/ke
./opt/xorg/share/X11/xkb/symbols/keypad
./opt/xorg/share/X11/xkb/symbols/kg
./opt/xorg/share/X11/xkb/symbols/kh
./opt/xorg/share/X11/xkb/symbols/kpdl
./opt/xorg/share/X11/xkb/symbols/kr
./opt/xorg/share/X11/xkb/symbols/kz
./opt/xorg/share/X11/xkb/symbols/la
./opt/xorg/share/X11/xkb/symbols/latam
./opt/xorg/share/X11/xkb/symbols/latin
./opt/xorg/share/X11/xkb/symbols/level3
./opt/xorg/share/X11/xkb/symbols/level5
./opt/xorg/share/X11/xkb/symbols/lk
./opt/xorg/share/X11/xkb/symbols/lt
./opt/xorg/share/X11/xkb/symbols/lv
./opt/xorg/share/X11/xkb/symbols/ma
./opt/xorg/share/X11/xkb/symbols/mao
./opt/xorg/share/X11/xkb/symbols/md
./opt/xorg/share/X11/xkb/symbols/me
./opt/xorg/share/X11/xkb/symbols/mk
./opt/xorg/share/X11/xkb/symbols/ml
./opt/xorg/share/X11/xkb/symbols/mm
./opt/xorg/share/X11/xkb/symbols/mn
./opt/xorg/share/X11/xkb/symbols/mt
./opt/xorg/share/X11/xkb/symbols/mv
./opt/xorg/share/X11/xkb/symbols/nbsp
./opt/xorg/share/X11/xkb/symbols/ng
./opt/xorg/share/X11/xkb/symbols/nl
./opt/xorg/share/X11/xkb/symbols/no
./opt/xorg/share/X11/xkb/symbols/np
./opt/xorg/share/X11/xkb/symbols/olpc
./opt/xorg/share/X11/xkb/symbols/pc
./opt/xorg/share/X11/xkb/symbols/ph
./opt/xorg/share/X11/xkb/symbols/pk
./opt/xorg/share/X11/xkb/symbols/pl
./opt/xorg/share/X11/xkb/symbols/pt
./opt/xorg/share/X11/xkb/symbols/ro
./opt/xorg/share/X11/xkb/symbols/rs
./opt/xorg/share/X11/xkb/symbols/ru
./opt/xorg/share/X11/xkb/symbols/rupeesign
./opt/xorg/share/X11/xkb/symbols/se
./opt/xorg/share/X11/xkb/symbols/shift
./opt/xorg/share/X11/xkb/symbols/si
./opt/xorg/share/X11/xkb/symbols/sk
./opt/xorg/share/X11/xkb/symbols/sn
./opt/xorg/share/X11/xkb/symbols/srvr_ctrl
./opt/xorg/share/X11/xkb/symbols/sy
./opt/xorg/share/X11/xkb/symbols/terminate
./opt/xorg/share/X11/xkb/symbols/th
./opt/xorg/share/X11/xkb/symbols/tj
./opt/xorg/share/X11/xkb/symbols/tm
./opt/xorg/share/X11/xkb/symbols/tr
./opt/xorg/share/X11/xkb/symbols/tw
./opt/xorg/share/X11/xkb/symbols/typo
./opt/xorg/share/X11/xkb/symbols/tz
./opt/xorg/share/X11/xkb/symbols/ua
./opt/xorg/share/X11/xkb/symbols/us
./opt/xorg/share/X11/xkb/symbols/uz
./opt/xorg/share/X11/xkb/symbols/vn
./opt/xorg/share/X11/xkb/symbols/za
./opt/xorg/share/X11/xkb/types/basic
./opt/xorg/share/X11/xkb/types/cancel
./opt/xorg/share/X11/xkb/types/caps
./opt/xorg/share/X11/xkb/types/complete
./opt/xorg/share/X11/xkb/types/default
./opt/xorg/share/X11/xkb/types/extra
./opt/xorg/share/X11/xkb/types/iso9995
./opt/xorg/share/X11/xkb/types/level5
./opt/xorg/share/X11/xkb/types/mousekeys
./opt/xorg/share/X11/xkb/types/nokia
./opt/xorg/share/X11/xkb/types/numpad
./opt/xorg/share/X11/xkb/types/pc
./opt/xorg/share/X11/xorg.conf.d/10-evdev.conf
./opt/xorg/share/fonts/X11/TTF/FreeMono.ttf
./opt/xorg/share/fonts/X11/TTF/FreeMonoBold.ttf
./opt/xorg/share/fonts/X11/TTF/FreeMonoBoldOblique.ttf
./opt/xorg/share/fonts/X11/TTF/FreeMonoOblique.ttf
./opt/xorg/share/fonts/X11/TTF/FreeSans.ttf
./opt/xorg/share/fonts/X11/TTF/FreeSansBold.ttf
./opt/xorg/share/fonts/X11/TTF/FreeSansBoldOblique.ttf
./opt/xorg/share/fonts/X11/TTF/FreeSansOblique.ttf
./opt/xorg/share/fonts/X11/TTF/FreeSerif.ttf
./opt/xorg/share/fonts/X11/TTF/FreeSerifBold.ttf
./opt/xorg/share/fonts/X11/TTF/FreeSerifBoldItalic.ttf
./opt/xorg/share/fonts/X11/TTF/FreeSerifItalic.ttf
./opt/xorg/share/fonts/X11/TTF/fonts.dir
./opt/xorg/share/fonts/X11/TTF/fonts.scale
./opt/xorg/share/fonts/X11/encodings/adobe-dingbats.enc.gz
./opt/xorg/share/fonts/X11/encodings/adobe-standard.enc.gz
./opt/xorg/share/fonts/X11/encodings/adobe-symbol.enc.gz
./opt/xorg/share/fonts/X11/encodings/armscii-8.enc.gz
./opt/xorg/share/fonts/X11/encodings/ascii-0.enc.gz
./opt/xorg/share/fonts/X11/encodings/dec-special.enc.gz
./opt/xorg/share/fonts/X11/encodings/encodings.dir
./opt/xorg/share/fonts/X11/encodings/ibm-cp437.enc.gz
./opt/xorg/share/fonts/X11/encodings/ibm-cp850.enc.gz
./opt/xorg/share/fonts/X11/encodings/ibm-cp852.enc.gz
./opt/xorg/share/fonts/X11/encodings/ibm-cp866.enc.gz
./opt/xorg/share/fonts/X11/encodings/iso8859-11.enc.gz
./opt/xorg/share/fonts/X11/encodings/iso8859-13.enc.gz
./opt/xorg/share/fonts/X11/encodings/iso8859-16.enc.gz
./opt/xorg/share/fonts/X11/encodings/iso8859-6.16.enc.gz
./opt/xorg/share/fonts/X11/encodings/iso8859-6.8x.enc.gz
./opt/xorg/share/fonts/X11/encodings/microsoft-cp1250.enc.gz
./opt/xorg/share/fonts/X11/encodings/microsoft-cp1251.enc.gz
./opt/xorg/share/fonts/X11/encodings/microsoft-cp1252.enc.gz
./opt/xorg/share/fonts/X11/encodings/microsoft-cp1253.enc.gz
./opt/xorg/share/fonts/X11/encodings/microsoft-cp1254.enc.gz
./opt/xorg/share/fonts/X11/encodings/microsoft-cp1255.enc.gz
./opt/xorg/share/fonts/X11/encodings/microsoft-cp1256.enc.gz
./opt/xorg/share/fonts/X11/encodings/microsoft-cp1257.enc.gz
./opt/xorg/share/fonts/X11/encodings/microsoft-cp1258.enc.gz
./opt/xorg/share/fonts/X11/encodings/microsoft-win3.1.enc.gz
./opt/xorg/share/fonts/X11/encodings/mulearabic-0.enc.gz
./opt/xorg/share/fonts/X11/encodings/mulearabic-1.enc.gz
./opt/xorg/share/fonts/X11/encodings/mulearabic-2.enc.gz
./opt/xorg/share/fonts/X11/encodings/mulelao-1.enc.gz
./opt/xorg/share/fonts/X11/encodings/suneu-greek.enc.gz
./opt/xorg/share/fonts/X11/encodings/tcvn-0.enc.gz
./opt/xorg/share/fonts/X11/encodings/tis620-2.enc.gz
./opt/xorg/share/fonts/X11/encodings/viscii1.1-1.enc.gz
./opt/xorg/share/icons
./opt/xorg/share/wallpaper.bmp
./sbin/agetty
./sbin/badblocks
./sbin/blkid
./sbin/blockdev
./sbin/cfdisk
./sbin/ctstat
./sbin/dumpe2fs
./sbin/e2fsck
./sbin/e2image
./sbin/e2label
./sbin/e2undo
./sbin/fdisk
./sbin/findfs
./sbin/fsck
./sbin/fsck.ext2
./sbin/fsck.ext3
./sbin/fsck.ext4
./sbin/fsfreeze
./sbin/fstrim
./sbin/genl
./sbin/getcap
./sbin/getpcaps
./sbin/halt
./sbin/hdparm
./sbin/hwclock
./sbin/ifcfg
./sbin/ifdown
./sbin/ifstat
./sbin/ifup
./sbin/init
./sbin/ip
./sbin/lnstat
./sbin/losetup
./sbin/mke2fs
./sbin/mkfs
./sbin/mkfs.ext2
./sbin/mkfs.ext3
./sbin/mkfs.ext4
./sbin/mkswap
./sbin/nologin
./sbin/nstat
./sbin/poweroff
./sbin/raw
./sbin/reboot
./sbin/resize2fs
./sbin/routef
./sbin/routel
./sbin/rtacct
./sbin/rtpr
./sbin/rtstat
./sbin/runlevel
./sbin/setcap
./sbin/sfdisk
./sbin/shutdown
./sbin/ss
./sbin/swaplabel
./sbin/swapoff
./sbin/swapon
./sbin/sysctl
./sbin/telinit
./sbin/traceroute
./sbin/tune2fs
./sbin/wipefs
./usr/bin/[
./usr/bin/attr
./usr/bin/avrdude
./usr/bin/awk
./usr/bin/base64
./usr/bin/basename
./usr/bin/bc
./usr/bin/bower
./usr/bin/cairo-sphinx
./usr/bin/cake
./usr/bin/catchsegv
./usr/bin/cgps
./usr/bin/chage
./usr/bin/chattr
./usr/bin/chcon
./usr/bin/chfn
./usr/bin/chrt
./usr/bin/chsh
./usr/bin/chvt
./usr/bin/cjpeg
./usr/bin/cksum
./usr/bin/clear
./usr/bin/cmp
./usr/bin/coffee
./usr/bin/col
./usr/bin/colcrt
./usr/bin/colrm
./usr/bin/column
./usr/bin/comm
./usr/bin/csplit
./usr/bin/cut
./usr/bin/dbus-binding-tool
./usr/bin/dbus-cleanup-sockets
./usr/bin/dbus-daemon
./usr/bin/dbus-launch
./usr/bin/dbus-monitor
./usr/bin/dbus-send
./usr/bin/dbus-uuidgen
./usr/bin/deallocvt
./usr/bin/diff
./usr/bin/diff3
./usr/bin/dircolors
./usr/bin/dirname
./usr/bin/djpeg
./usr/bin/du
./usr/bin/env
./usr/bin/envsubst
./usr/bin/ex
./usr/bin/expand
./usr/bin/expiry
./usr/bin/expr
./usr/bin/factor
./usr/bin/faillog
./usr/bin/fallocate
./usr/bin/fc-cache
./usr/bin/fc-cat
./usr/bin/fc-list
./usr/bin/fc-match
./usr/bin/fc-pattern
./usr/bin/fc-query
./usr/bin/fc-scan
./usr/bin/ffmpeg
./usr/bin/fgconsole
./usr/bin/file
./usr/bin/flock
./usr/bin/fmt
./usr/bin/free
./usr/bin/freetype-config
./usr/bin/gawk
./usr/bin/gawk-4.0.1
./usr/bin/gdbus
./usr/bin/gdk-pixbuf-query-loaders
./usr/bin/gencat
./usr/bin/getconf
./usr/bin/getent
./usr/bin/getfattr
./usr/bin/getkeycodes
./usr/bin/getopt
./usr/bin/gobject-query
./usr/bin/gpasswd
./usr/bin/gps2udp
./usr/bin/gpsctl
./usr/bin/gpsdecode
./usr/bin/gpsmon
./usr/bin/gpspipe
./usr/bin/gpxlogger
./usr/bin/gresource
./usr/bin/groups
./usr/bin/gsettings
./usr/bin/gtk-query-immodules-2.0
./usr/bin/gtk-update-icon-cache
./usr/bin/hexdump
./usr/bin/hostid
./usr/bin/hostnamectl
./usr/bin/id
./usr/bin/igawk
./usr/bin/ionice
./usr/bin/ipcmk
./usr/bin/ipcrm
./usr/bin/ipcs
./usr/bin/ivtv-ctl
./usr/bin/join
./usr/bin/jpegtran
./usr/bin/kbdinfo
./usr/bin/kbdrate
./usr/bin/lastlog
./usr/bin/lcdgps
./usr/bin/ldd
./usr/bin/less
./usr/bin/lessecho
./usr/bin/lesskey
./usr/bin/link
./usr/bin/loadunimap
./usr/bin/locale
./usr/bin/logname
./usr/bin/look
./usr/bin/lsattr
./usr/bin/lscpu
./usr/bin/lsusb
./usr/bin/m4
./usr/bin/makedb
./usr/bin/mapscrn
./usr/bin/mcookie
./usr/bin/md5sum
./usr/bin/mencoder
./usr/bin/mk_cmds
./usr/bin/mkfifo
./usr/bin/mktemp
./usr/bin/mozplugger-controller
./usr/bin/mozplugger-helper
./usr/bin/mozplugger-linker
./usr/bin/mozplugger-update
./usr/bin/mplayer
./usr/bin/namei
./usr/bin/nc
./usr/bin/ncursesw5-config
./usr/bin/netcat
./usr/bin/newgrp
./usr/bin/nl
./usr/bin/nm
./usr/bin/node
./usr/bin/nohup
./usr/bin/nproc
./usr/bin/pango-querymodules
./usr/bin/paste
./usr/bin/pathchk
./usr/bin/pcprofiledump
./usr/bin/pcregrep
./usr/bin/peekfd
./usr/bin/pgrep
./usr/bin/pkill
./usr/bin/pldd
./usr/bin/pmap
./usr/bin/printenv
./usr/bin/printf
./usr/bin/prlimit
./usr/bin/prtstat
./usr/bin/pstree
./usr/bin/pwdx
./usr/bin/ranlib
./usr/bin/rdjpgcom
./usr/bin/readelf
./usr/bin/readlink
./usr/bin/realpath
./usr/bin/rename
./usr/bin/renice
./usr/bin/reset
./usr/bin/rev
./usr/bin/rexec
./usr/bin/rlogin
./usr/bin/rpcgen
./usr/bin/rsync
./usr/bin/runcon
./usr/bin/rview
./usr/bin/rvim
./usr/bin/scp
./usr/bin/screen
./usr/bin/screen-4.0.3
./usr/bin/script
./usr/bin/scriptreplay
./usr/bin/scrot
./usr/bin/sdiff
./usr/bin/sensors
./usr/bin/seq
./usr/bin/setfattr
./usr/bin/setkeycodes
./usr/bin/setleds
./usr/bin/setmetamode
./usr/bin/setserial
./usr/bin/setsid
./usr/bin/setterm
./usr/bin/setvtrgb
./usr/bin/sg
./usr/bin/sha1sum
./usr/bin/sha224sum
./usr/bin/sha256sum
./usr/bin/sha384sum
./usr/bin/sha512sum
./usr/bin/showconsolefont
./usr/bin/showkey
./usr/bin/shred
./usr/bin/shuf
./usr/bin/size
./usr/bin/skill
./usr/bin/snice
./usr/bin/sort
./usr/bin/split
./usr/bin/sqlite3
./usr/bin/ssh
./usr/bin/ssh-add
./usr/bin/ssh-agent
./usr/bin/ssh-keygen
./usr/bin/ssh-keyscan
./usr/bin/stat
./usr/bin/stdbuf
./usr/bin/strings
./usr/bin/stylus
./usr/bin/sudo
./usr/bin/sudoedit
./usr/bin/sudoreplay
./usr/bin/sum
./usr/bin/systemd-analyze
./usr/bin/systemd-cat
./usr/bin/systemd-cgls
./usr/bin/systemd-cgtop
./usr/bin/systemd-delta
./usr/bin/systemd-detect-virt
./usr/bin/systemd-nspawn
./usr/bin/systemd-stdio-bridge
./usr/bin/tabs
./usr/bin/tac
./usr/bin/tail
./usr/bin/tailf
./usr/bin/talk
./usr/bin/taskset
./usr/bin/tee
./usr/bin/test
./usr/bin/testRTSPClient
./usr/bin/timedatectl
./usr/bin/timeout
./usr/bin/tload
./usr/bin/toe
./usr/bin/top
./usr/bin/touch
./usr/bin/tput
./usr/bin/tr
./usr/bin/truncate
./usr/bin/tset
./usr/bin/tsort
./usr/bin/tty
./usr/bin/tzselect
./usr/bin/ul
./usr/bin/uncompress
./usr/bin/unexpand
./usr/bin/unicode_start
./usr/bin/unicode_stop
./usr/bin/uniq
./usr/bin/unlink
./usr/bin/unshare
./usr/bin/unxz
./usr/bin/updatedb
./usr/bin/uptime
./usr/bin/usb-devices
./usr/bin/usbhid-dump
./usr/bin/users
./usr/bin/uuidgen
./usr/bin/v4l2-compliance
./usr/bin/v4l2-ctl
./usr/bin/v4l2-sysfs-path
./usr/bin/vi
./usr/bin/view
./usr/bin/vim
./usr/bin/vimdiff
./usr/bin/vmstat
./usr/bin/w
./usr/bin/wall
./usr/bin/watch
./usr/bin/wc
./usr/bin/wget
./usr/bin/who
./usr/bin/whoami
./usr/bin/wrjpgcom
./usr/bin/xargs
./usr/bin/xtrace
./usr/bin/xxd
./usr/bin/xz
./usr/bin/xzcat
./usr/bin/xzcmp
./usr/bin/xzdec
./usr/bin/xzdiff
./usr/bin/xzegrep
./usr/bin/xzfgrep
./usr/bin/xzgrep
./usr/bin/xzless
./usr/bin/xzmore
./usr/bin/yes
./usr/bin/zcmp
./usr/bin/zdiff
./usr/bin/zegrep
./usr/bin/zfgrep
./usr/bin/zforce
./usr/bin/zgrep
./usr/bin/zless
./usr/bin/zmore
./usr/bin/znew
./usr/lib/X11
./usr/lib/awk/grcat
./usr/lib/awk/pwcat
./usr/lib/cairo/cairo-fdr.so.0.0.0
./usr/lib/cairo/cairo-sphinx.so.0.0.0
./usr/lib/cairo/libcairo-trace.so.0.0.0
./usr/lib/coreutils/libstdbuf.so
./usr/lib/dbus-1.0/dbus-daemon-launch-helper
./usr/lib/dri/i915_dri.so
./usr/lib/dri/i965_dri.so
./usr/lib/dri/swrast_dri.so
./usr/lib/engines/lib4758cca.so
./usr/lib/engines/libaep.so
./usr/lib/engines/libatalla.so
./usr/lib/engines/libcapi.so
./usr/lib/engines/libchil.so
./usr/lib/engines/libcswift.so
./usr/lib/engines/libgmp.so
./usr/lib/engines/libgost.so
./usr/lib/engines/libnuron.so
./usr/lib/engines/libpadlock.so
./usr/lib/engines/libsureware.so
./usr/lib/engines/libubsec.so
./usr/lib/findutils/bigram
./usr/lib/findutils/code
./usr/lib/findutils/frcode
./usr/lib/gconv/ISO8859-1.so
./usr/lib/gconv/UNICODE.so
./usr/lib/gconv/UTF-16.so
./usr/lib/gconv/UTF-32.so
./usr/lib/gconv/UTF-7.so
./usr/lib/gconv/gconv-modules
./usr/lib/gconv/gconv-modules.cache
./usr/lib/gdk-pixbuf-2.0/2.10.0/loaders.cache
./usr/lib/gdk-pixbuf-2.0/2.10.0/loaders/libpixbufloader-ani.so
./usr/lib/gdk-pixbuf-2.0/2.10.0/loaders/libpixbufloader-bmp.so
./usr/lib/gdk-pixbuf-2.0/2.10.0/loaders/libpixbufloader-gif.so
./usr/lib/gdk-pixbuf-2.0/2.10.0/loaders/libpixbufloader-icns.so
./usr/lib/gdk-pixbuf-2.0/2.10.0/loaders/libpixbufloader-ico.so
./usr/lib/gdk-pixbuf-2.0/2.10.0/loaders/libpixbufloader-jpeg.so
./usr/lib/gdk-pixbuf-2.0/2.10.0/loaders/libpixbufloader-pcx.so
./usr/lib/gdk-pixbuf-2.0/2.10.0/loaders/libpixbufloader-png.so
./usr/lib/gdk-pixbuf-2.0/2.10.0/loaders/libpixbufloader-pnm.so
./usr/lib/gdk-pixbuf-2.0/2.10.0/loaders/libpixbufloader-qtif.so
./usr/lib/gdk-pixbuf-2.0/2.10.0/loaders/libpixbufloader-ras.so
./usr/lib/gdk-pixbuf-2.0/2.10.0/loaders/libpixbufloader-tga.so
./usr/lib/gdk-pixbuf-2.0/2.10.0/loaders/libpixbufloader-wbmp.so
./usr/lib/gdk-pixbuf-2.0/2.10.0/loaders/libpixbufloader-xbm.so
./usr/lib/gdk-pixbuf-2.0/2.10.0/loaders/libpixbufloader-xpm.so
./usr/lib/glibc/getconf/POSIX_V6_LP64_OFF64
./usr/lib/glibc/getconf/POSIX_V7_LP64_OFF64
./usr/lib/glibc/getconf/XBS5_LP64_OFF64
./usr/lib/glibc/pt_chown
./usr/lib/imlib2/filters/bumpmap.so
./usr/lib/imlib2/filters/colormod.so
./usr/lib/imlib2/filters/testfilter.so
./usr/lib/imlib2/loaders/argb.so
./usr/lib/imlib2/loaders/bmp.so
./usr/lib/imlib2/loaders/jpeg.so
./usr/lib/imlib2/loaders/lbm.so
./usr/lib/imlib2/loaders/png.so
./usr/lib/imlib2/loaders/pnm.so
./usr/lib/imlib2/loaders/tga.so
./usr/lib/imlib2/loaders/xpm.so
./usr/lib/imlib2/loaders/zlib.so
./usr/lib/libGL.so.1.2.0
./usr/lib/libImlib2.so.1.4.5
./usr/lib/libasound.so.2.0.0
./usr/lib/libasprintf.so.0.0.0
./usr/lib/libatk-1.0.so.0.20609.1
./usr/lib/libavcodec.so.55.52.102
./usr/lib/libavdevice.so.55.10.100
./usr/lib/libavfilter.so.4.2.100
./usr/lib/libavformat.so.55.33.100
./usr/lib/libavutil.so.52.66.100
./usr/lib/libbfd-2.22.so
./usr/lib/libcairo-script-interpreter.so.2.11200.6
./usr/lib/libcairo.so.2.11200.6
./usr/lib/libcrypto.so.1.0.0
./usr/lib/libdbus-1.so.3.7.3
./usr/lib/libdbus-glib-1.so.2.2.2
./usr/lib/libdricore9.1.0.so.1.0.0
./usr/lib/libdrm.so.2.4.0
./usr/lib/libdrm_intel.so.1.0.0
./usr/lib/libexpat.so.1.6.0
./usr/lib/libffi.so.6.0.0
./usr/lib/libfontconfig.so.1.6.2
./usr/lib/libfreetype.so.6.9.0
./usr/lib/libgcc_s.so.1
./usr/lib/libgdbm.so.4.0.0
./usr/lib/libgdk-x11-2.0.so.0.2400.13
./usr/lib/libgdk_pixbuf-2.0.so.0.2600.4
./usr/lib/libgdk_pixbuf_xlib-2.0.so.0.2600.4
./usr/lib/libgettextlib-0.18.1.so
./usr/lib/libgiblib.so.1.0.6
./usr/lib/libgio-2.0.so.0.3400.1
./usr/lib/libglapi.so.0.0.0
./usr/lib/libglib-2.0.so.0.3400.1
./usr/lib/libgmodule-2.0.so.0.3400.1
./usr/lib/libgmp.so.10.0.5
./usr/lib/libgobject-2.0.so.0.3400.1
./usr/lib/libgps.so.20.0.0
./usr/lib/libgpsd.so.21.0.0
./usr/lib/libgthread-2.0.so.0.3400.1
./usr/lib/libgtk-x11-2.0.so.0.2400.13
./usr/lib/libharfbuzz.so.0.905.0
./usr/lib/libjpeg.so.8.4.0
./usr/lib/libmagic.so.1.0.0
./usr/lib/libpango-1.0.so.0.3200.1
./usr/lib/libpangocairo-1.0.so.0.3200.1
./usr/lib/libpangoft2-1.0.so.0.3200.1
./usr/lib/libpangoxft-1.0.so.0.3200.1
./usr/lib/libpci.so.3.1.10
./usr/lib/libpcreposix.so.0.0.1
./usr/lib/libpipeline.so.1.2.2
./usr/lib/libpixman-1.so.0.28.2
./usr/lib/libpng15.so.15.13.0
./usr/lib/libsensors.so.4.3.2
./usr/lib/libsqlite3.so.0.8.6
./usr/lib/libssl.so.1.0.0
./usr/lib/libstdc++.so.6.0.17
./usr/lib/libswresample.so.0.18.100
./usr/lib/libswscale.so.2.5.102
./usr/lib/libusb-1.0.so.0.1.0
./usr/lib/libv4l1.so.0.0.0
./usr/lib/libv4l2.so.0.0.0
./usr/lib/libv4l2rds.so.0.0.0
./usr/lib/libv4lconvert.so.0.0.0
./usr/lib/libv4l/v4l1compat.so
./usr/lib/libv4l/v4l2convert.so
./usr/lib/libv4l/plugins/libv4l-mplane.so
./usr/lib/libx264.so.142
./usr/lib/libxml2.so.2.9.0
./usr/lib/locale/locale-archive
./usr/lib/mozilla/plugins/mozplugger.so
./usr/lib/pango/1.8.0/modules/pango-basic-fc.so
./usr/lib/preloadable_libintl.so
./usr/lib/sudo/sudo_noexec.so
./usr/lib/sudo/sudoers.so
./usr/lib/sysctl.d/50-default.conf
./usr/lib/systemd/catalog/systemd.catalog
./usr/lib/systemd/user-generators
./usr/lib/systemd/user/bluetooth.target
./usr/lib/systemd/user/default.target
./usr/lib/systemd/user/exit.target
./usr/lib/systemd/user/paths.target
./usr/lib/systemd/user/printer.target
./usr/lib/systemd/user/shutdown.target
./usr/lib/systemd/user/smartcard.target
./usr/lib/systemd/user/sockets.target
./usr/lib/systemd/user/sound.target
./usr/lib/systemd/user/systemd-exit.service
./usr/lib/systemd/user/timers.target
./usr/lib/tc/experimental.dist
./usr/lib/tc/normal.dist
./usr/lib/tc/pareto.dist
./usr/lib/tc/paretonormal.dist
./usr/lib/terminfo
./usr/lib/tmpfiles.d/systemd.conf
./usr/lib/tmpfiles.d/tmp.conf
./usr/lib/tmpfiles.d/x11.conf
./usr/lib/libBasicUsageEnvironment.so.0.0.2
./usr/lib/libUsageEnvironment.so.1.0.0
./usr/lib/libgroupsock.so.1.1.0
./usr/lib/libliveMedia.so.34.1.0
./usr/lib64
./usr/libexec/dbus-daemon-launch-helper
./usr/libexec/sftp-server
./usr/libexec/ssh-keysign
./usr/libexec/ssh-pkcs11-helper
./usr/sbin/addpart
./usr/sbin/chroot
./usr/sbin/delpart
./usr/sbin/e2freefrag
./usr/sbin/e4defrag
./usr/sbin/ethtool
./usr/sbin/fancontrol
./usr/sbin/filefrag
./usr/sbin/gpsd
./usr/sbin/gpsdctl
./usr/sbin/grpck
./usr/sbin/grpconv
./usr/sbin/grpunconv
./usr/sbin/iconvconfig
./usr/sbin/isadump
./usr/sbin/isaset
./usr/sbin/ldattach
./usr/sbin/logoutd
./usr/sbin/lspci
./usr/sbin/mklost+found
./usr/sbin/mkfs.fat
./usr/sbin/mkfs.vfat
./usr/sbin/ntp-wait
./usr/sbin/ntpd
./usr/sbin/ntpq
./usr/sbin/ntptime
./usr/sbin/ntptrace
./usr/sbin/partx
./usr/sbin/pwck
./usr/sbin/pwconv
./usr/sbin/pwmconfig
./usr/sbin/pwunconv
./usr/sbin/rtcwake
./usr/sbin/sensors-detect
./usr/sbin/setpci
./usr/sbin/smartctl
./usr/sbin/sntp
./usr/sbin/sshd
./usr/sbin/tickadj
./usr/sbin/uuidd
./usr/sbin/v4l2-dbg
./usr/sbin/vigr
./usr/sbin/zdump
./usr/share/awk/assert.awk
./usr/share/awk/bits2str.awk
./usr/share/awk/cliff_rand.awk
./usr/share/awk/ctime.awk
./usr/share/awk/ftrans.awk
./usr/share/awk/getopt.awk
./usr/share/awk/gettime.awk
./usr/share/awk/group.awk
./usr/share/awk/join.awk
./usr/share/awk/libintl.awk
./usr/share/awk/noassign.awk
./usr/share/awk/ord.awk
./usr/share/awk/passwd.awk
./usr/share/awk/quicksort.awk
./usr/share/awk/readable.awk
./usr/share/awk/rewind.awk
./usr/share/awk/round.awk
./usr/share/awk/strtonum.awk
./usr/share/awk/walkarray.awk
./usr/share/awk/zerofile.awk
./usr/share/dbus-1/interfaces/org.freedesktop.hostname1.xml
./usr/share/dbus-1/interfaces/org.freedesktop.systemd1.Automount.xml
./usr/share/dbus-1/interfaces/org.freedesktop.systemd1.Device.xml
./usr/share/dbus-1/interfaces/org.freedesktop.systemd1.Job.xml
./usr/share/dbus-1/interfaces/org.freedesktop.systemd1.Manager.xml
./usr/share/dbus-1/interfaces/org.freedesktop.systemd1.Mount.xml
./usr/share/dbus-1/interfaces/org.freedesktop.systemd1.Path.xml
./usr/share/dbus-1/interfaces/org.freedesktop.systemd1.Service.xml
./usr/share/dbus-1/interfaces/org.freedesktop.systemd1.Snapshot.xml
./usr/share/dbus-1/interfaces/org.freedesktop.systemd1.Socket.xml
./usr/share/dbus-1/interfaces/org.freedesktop.systemd1.Swap.xml
./usr/share/dbus-1/interfaces/org.freedesktop.systemd1.Target.xml
./usr/share/dbus-1/interfaces/org.freedesktop.systemd1.Timer.xml
./usr/share/dbus-1/interfaces/org.freedesktop.systemd1.Unit.xml
./usr/share/dbus-1/interfaces/org.freedesktop.timedate1.xml
./usr/share/dbus-1/services/org.freedesktop.systemd1.service
./usr/share/dbus-1/system-services/org.freedesktop.hostname1.service
./usr/share/dbus-1/system-services/org.freedesktop.login1.service
./usr/share/dbus-1/system-services/org.freedesktop.systemd1.service
./usr/share/dbus-1/system-services/org.freedesktop.timedate1.service
./usr/share/glib-2.0/schemas/gschema.dtd
./usr/share/i18n/charmaps/ISO-8859-1.gz
./usr/share/i18n/charmaps/UTF-8.gz
./usr/share/i18n/locales/POSIX
./usr/share/i18n/locales/en_CA
./usr/share/i18n/locales/en_US
./usr/share/icons/default
./usr/share/icons/hicolor/cursors/X_cursor
./usr/share/icons/hicolor/cursors/arrow
./usr/share/icons/hicolor/cursors/bd_double_arrow
./usr/share/icons/hicolor/cursors/bottom_left_corner
./usr/share/icons/hicolor/cursors/bottom_right_corner
./usr/share/icons/hicolor/cursors/bottom_side
./usr/share/icons/hicolor/cursors/bottom_tee
./usr/share/icons/hicolor/cursors/circle
./usr/share/icons/hicolor/cursors/copy
./usr/share/icons/hicolor/cursors/cross
./usr/share/icons/hicolor/cursors/cross_reverse
./usr/share/icons/hicolor/cursors/crossed_circle
./usr/share/icons/hicolor/cursors/crosshair
./usr/share/icons/hicolor/cursors/diamond_cross
./usr/share/icons/hicolor/cursors/dnd-ask
./usr/share/icons/hicolor/cursors/dnd-copy
./usr/share/icons/hicolor/cursors/dnd-link
./usr/share/icons/hicolor/cursors/dnd-move
./usr/share/icons/hicolor/cursors/dnd-none
./usr/share/icons/hicolor/cursors/dot_box_mask
./usr/share/icons/hicolor/cursors/dotbox
./usr/share/icons/hicolor/cursors/double_arrow
./usr/share/icons/hicolor/cursors/draft_large
./usr/share/icons/hicolor/cursors/draft_small
./usr/share/icons/hicolor/cursors/draped_box
./usr/share/icons/hicolor/cursors/fd_double_arrow
./usr/share/icons/hicolor/cursors/fleur
./usr/share/icons/hicolor/cursors/grabbing
./usr/share/icons/hicolor/cursors/h_double_arrow
./usr/share/icons/hicolor/cursors/hand
./usr/share/icons/hicolor/cursors/hand1
./usr/share/icons/hicolor/cursors/hand2
./usr/share/icons/hicolor/cursors/help
./usr/share/icons/hicolor/cursors/icon
./usr/share/icons/hicolor/cursors/left_ptr
./usr/share/icons/hicolor/cursors/left_ptr_help
./usr/share/icons/hicolor/cursors/left_ptr_watch
./usr/share/icons/hicolor/cursors/left_side
./usr/share/icons/hicolor/cursors/left_tee
./usr/share/icons/hicolor/cursors/link
./usr/share/icons/hicolor/cursors/ll_angle
./usr/share/icons/hicolor/cursors/lr_angle
./usr/share/icons/hicolor/cursors/move
./usr/share/icons/hicolor/cursors/pencil
./usr/share/icons/hicolor/cursors/pirate
./usr/share/icons/hicolor/cursors/plus
./usr/share/icons/hicolor/cursors/question_arrow
./usr/share/icons/hicolor/cursors/right_ptr
./usr/share/icons/hicolor/cursors/right_side
./usr/share/icons/hicolor/cursors/right_tee
./usr/share/icons/hicolor/cursors/sb_down_arrow
./usr/share/icons/hicolor/cursors/sb_h_double_arrow
./usr/share/icons/hicolor/cursors/sb_left_arrow
./usr/share/icons/hicolor/cursors/sb_right_arrow
./usr/share/icons/hicolor/cursors/sb_up_arrow
./usr/share/icons/hicolor/cursors/sb_v_double_arrow
./usr/share/icons/hicolor/cursors/target
./usr/share/icons/hicolor/cursors/tcross
./usr/share/icons/hicolor/cursors/top_left_arrow
./usr/share/icons/hicolor/cursors/top_left_corner
./usr/share/icons/hicolor/cursors/top_right_corner
./usr/share/icons/hicolor/cursors/top_side
./usr/share/icons/hicolor/cursors/top_tee
./usr/share/icons/hicolor/cursors/ul_angle
./usr/share/icons/hicolor/cursors/ur_angle
./usr/share/icons/hicolor/cursors/v_double_arrow
./usr/share/icons/hicolor/cursors/watch
./usr/share/icons/hicolor/cursors/xterm
./usr/share/icons/hicolor/index.theme
./usr/share/locale/ca/LC_MESSAGES/atk10.mo
./usr/share/locale/ca/LC_MESSAGES/cpplib.mo
./usr/share/locale/ca/LC_MESSAGES/glib20.mo
./usr/share/locale/ca/LC_MESSAGES/gtk20-properties.mo
./usr/share/locale/ca/LC_MESSAGES/gtk20.mo
./usr/share/locale/ca/LC_MESSAGES/libc.mo
./usr/share/locale/en_CA/LC_MESSAGES/atk10.mo
./usr/share/locale/en_CA/LC_MESSAGES/glib20.mo
./usr/share/locale/en_CA/LC_MESSAGES/gtk20-properties.mo
./usr/share/locale/en_CA/LC_MESSAGES/gtk20.mo
./usr/share/locale/locale.alias
./usr/share/misc/magic.mgc
./usr/share/misc/pci.ids
./usr/share/misc/usb.ids
./usr/share/screen/utf8encodings/01
./usr/share/screen/utf8encodings/02
./usr/share/screen/utf8encodings/03
./usr/share/screen/utf8encodings/04
./usr/share/screen/utf8encodings/18
./usr/share/screen/utf8encodings/19
./usr/share/screen/utf8encodings/a1
./usr/share/screen/utf8encodings/bf
./usr/share/screen/utf8encodings/c2
./usr/share/screen/utf8encodings/c3
./usr/share/screen/utf8encodings/c4
./usr/share/screen/utf8encodings/c6
./usr/share/screen/utf8encodings/c7
./usr/share/screen/utf8encodings/c8
./usr/share/screen/utf8encodings/cc
./usr/share/screen/utf8encodings/cd
./usr/share/screen/utf8encodings/d6
./usr/share/smartmontools/drivedb.h
./usr/share/tabset/std
./usr/share/tabset/stdcrt
./usr/share/tabset/vt100
./usr/share/tabset/vt300
./usr/share/terminfo/d/dumb
./usr/share/terminfo/l/linux
./usr/share/terminfo/l/linux-16color
./usr/share/terminfo/l/linux-basic
./usr/share/terminfo/l/linux-vt
./usr/share/terminfo/l/linux2.6.26
./usr/share/terminfo/s/screen
./usr/share/terminfo/s/screen+fkeys
./usr/share/terminfo/s/screen-16color
./usr/share/terminfo/s/screen-16color-bce
./usr/share/terminfo/s/screen-16color-bce-s
./usr/share/terminfo/s/screen-16color-s
./usr/share/terminfo/s/screen-256color
./usr/share/terminfo/s/screen-256color-bce
./usr/share/terminfo/s/screen-256color-bce-s
./usr/share/terminfo/s/screen-256color-s
./usr/share/terminfo/s/screen-bce
./usr/share/terminfo/s/screen-bce.Eterm
./usr/share/terminfo/s/screen-bce.gnome
./usr/share/terminfo/s/screen-bce.konsole
./usr/share/terminfo/s/screen-bce.linux
./usr/share/terminfo/s/screen-bce.mlterm
./usr/share/terminfo/s/screen-bce.mrxvt
./usr/share/terminfo/s/screen-bce.rxvt
./usr/share/terminfo/s/screen-bce.xterm-new
./usr/share/terminfo/s/screen-s
./usr/share/terminfo/s/screen-w
./usr/share/terminfo/s/screen.Eterm
./usr/share/terminfo/s/screen.gnome
./usr/share/terminfo/s/screen.konsole
./usr/share/terminfo/s/screen.linux
./usr/share/terminfo/s/screen.mlterm
./usr/share/terminfo/s/screen.mrxvt
./usr/share/terminfo/s/screen.rxvt
./usr/share/terminfo/s/screen.teraterm
./usr/share/terminfo/s/screen.vte
./usr/share/terminfo/s/screen.xterm-new
./usr/share/terminfo/s/screen.xterm-r6
./usr/share/terminfo/s/screen.xterm-xfree86
./usr/share/terminfo/s/screen2
./usr/share/terminfo/s/screen3
./usr/share/terminfo/u/unixpc
./usr/share/terminfo/u/unknown
./usr/share/terminfo/v/vt100
./usr/share/terminfo/v/vt100+
./usr/share/terminfo/v/vt100+enq
./usr/share/terminfo/v/vt100+fnkeys
./usr/share/terminfo/v/vt100+keypad
./usr/share/terminfo/v/vt100+pfkeys
./usr/share/terminfo/v/vt100-am
./usr/share/terminfo/v/vt100-bm
./usr/share/terminfo/v/vt100-bm-o
./usr/share/terminfo/v/vt100-bot-s
./usr/share/terminfo/v/vt100-nam
./usr/share/terminfo/v/vt100-nam-w
./usr/share/terminfo/v/vt100-nav
./usr/share/terminfo/v/vt100-nav-w
./usr/share/terminfo/v/vt100-putty
./usr/share/terminfo/v/vt100-s
./usr/share/terminfo/v/vt100-s-bot
./usr/share/terminfo/v/vt100-s-top
./usr/share/terminfo/v/vt100-top-s
./usr/share/terminfo/v/vt100-vb
./usr/share/terminfo/v/vt100-w
./usr/share/terminfo/v/vt100-w-am
./usr/share/terminfo/v/vt100-w-nam
./usr/share/terminfo/v/vt100-w-nav
./usr/share/terminfo/v/vt100nam
./usr/share/terminfo/v/vt102
./usr/share/terminfo/v/vt102+enq
./usr/share/terminfo/v/vt102-nsgr
./usr/share/terminfo/v/vt102-w
./usr/share/terminfo/x/xterm
./usr/share/terminfo/x/xterm+256color
./usr/share/terminfo/x/xterm+88color
./usr/share/terminfo/x/xterm-16color
./usr/share/terminfo/x/xterm-24
./usr/share/terminfo/x/xterm-256color
./usr/share/terminfo/x/xterm-88color
./usr/share/terminfo/x/xterm-8bit
./usr/share/terminfo/x/xterm-basic
./usr/share/terminfo/x/xterm-bold
./usr/share/terminfo/x/xterm-color
./usr/share/terminfo/x/xterm-new
./usr/share/terminfo/x/xterm-noapp
./usr/share/terminfo/x/xterm1
./usr/share/terminfo/x/xtermc
./usr/share/terminfo/x/xtermm
./usr/share/terminfo/x/xterms
./usr/share/themes/Default/gtk-2.0-key/gtkrc
./usr/share/xml/fontconfig/fonts.dtd
./usr/share/zoneinfo/America/Adak
./usr/share/zoneinfo/America/Anchorage
./usr/share/zoneinfo/America/Anguilla
./usr/share/zoneinfo/America/Antigua
./usr/share/zoneinfo/America/Araguaina
./usr/share/zoneinfo/America/Argentina/Buenos_Aires
./usr/share/zoneinfo/America/Argentina/Catamarca
./usr/share/zoneinfo/America/Argentina/ComodRivadavia
./usr/share/zoneinfo/America/Argentina/Cordoba
./usr/share/zoneinfo/America/Argentina/Jujuy
./usr/share/zoneinfo/America/Argentina/La_Rioja
./usr/share/zoneinfo/America/Argentina/Mendoza
./usr/share/zoneinfo/America/Argentina/Rio_Gallegos
./usr/share/zoneinfo/America/Argentina/Salta
./usr/share/zoneinfo/America/Argentina/San_Juan
./usr/share/zoneinfo/America/Argentina/San_Luis
./usr/share/zoneinfo/America/Argentina/Tucuman
./usr/share/zoneinfo/America/Argentina/Ushuaia
./usr/share/zoneinfo/America/Aruba
./usr/share/zoneinfo/America/Asuncion
./usr/share/zoneinfo/America/Atikokan
./usr/share/zoneinfo/America/Atka
./usr/share/zoneinfo/America/Bahia
./usr/share/zoneinfo/America/Bahia_Banderas
./usr/share/zoneinfo/America/Barbados
./usr/share/zoneinfo/America/Belem
./usr/share/zoneinfo/America/Belize
./usr/share/zoneinfo/America/Blanc-Sablon
./usr/share/zoneinfo/America/Boa_Vista
./usr/share/zoneinfo/America/Bogota
./usr/share/zoneinfo/America/Boise
./usr/share/zoneinfo/America/Buenos_Aires
./usr/share/zoneinfo/America/Cambridge_Bay
./usr/share/zoneinfo/America/Campo_Grande
./usr/share/zoneinfo/America/Cancun
./usr/share/zoneinfo/America/Caracas
./usr/share/zoneinfo/America/Catamarca
./usr/share/zoneinfo/America/Cayenne
./usr/share/zoneinfo/America/Cayman
./usr/share/zoneinfo/America/Chicago
./usr/share/zoneinfo/America/Chihuahua
./usr/share/zoneinfo/America/Coral_Harbour
./usr/share/zoneinfo/America/Cordoba
./usr/share/zoneinfo/America/Costa_Rica
./usr/share/zoneinfo/America/Creston
./usr/share/zoneinfo/America/Cuiaba
./usr/share/zoneinfo/America/Curacao
./usr/share/zoneinfo/America/Danmarkshavn
./usr/share/zoneinfo/America/Dawson
./usr/share/zoneinfo/America/Dawson_Creek
./usr/share/zoneinfo/America/Denver
./usr/share/zoneinfo/America/Detroit
./usr/share/zoneinfo/America/Dominica
./usr/share/zoneinfo/America/Edmonton
./usr/share/zoneinfo/America/Eirunepe
./usr/share/zoneinfo/America/El_Salvador
./usr/share/zoneinfo/America/Ensenada
./usr/share/zoneinfo/America/Fort_Wayne
./usr/share/zoneinfo/America/Fortaleza
./usr/share/zoneinfo/America/Glace_Bay
./usr/share/zoneinfo/America/Godthab
./usr/share/zoneinfo/America/Goose_Bay
./usr/share/zoneinfo/America/Grand_Turk
./usr/share/zoneinfo/America/Grenada
./usr/share/zoneinfo/America/Guadeloupe
./usr/share/zoneinfo/America/Guatemala
./usr/share/zoneinfo/America/Guayaquil
./usr/share/zoneinfo/America/Guyana
./usr/share/zoneinfo/America/Halifax
./usr/share/zoneinfo/America/Havana
./usr/share/zoneinfo/America/Hermosillo
./usr/share/zoneinfo/America/Indiana/Indianapolis
./usr/share/zoneinfo/America/Indiana/Knox
./usr/share/zoneinfo/America/Indiana/Marengo
./usr/share/zoneinfo/America/Indiana/Petersburg
./usr/share/zoneinfo/America/Indiana/Tell_City
./usr/share/zoneinfo/America/Indiana/Vevay
./usr/share/zoneinfo/America/Indiana/Vincennes
./usr/share/zoneinfo/America/Indiana/Winamac
./usr/share/zoneinfo/America/Indianapolis
./usr/share/zoneinfo/America/Inuvik
./usr/share/zoneinfo/America/Iqaluit
./usr/share/zoneinfo/America/Jamaica
./usr/share/zoneinfo/America/Jujuy
./usr/share/zoneinfo/America/Juneau
./usr/share/zoneinfo/America/Kentucky/Louisville
./usr/share/zoneinfo/America/Kentucky/Monticello
./usr/share/zoneinfo/America/Knox_IN
./usr/share/zoneinfo/America/Kralendijk
./usr/share/zoneinfo/America/La_Paz
./usr/share/zoneinfo/America/Lima
./usr/share/zoneinfo/America/Los_Angeles
./usr/share/zoneinfo/America/Louisville
./usr/share/zoneinfo/America/Lower_Princes
./usr/share/zoneinfo/America/Maceio
./usr/share/zoneinfo/America/Managua
./usr/share/zoneinfo/America/Manaus
./usr/share/zoneinfo/America/Marigot
./usr/share/zoneinfo/America/Martinique
./usr/share/zoneinfo/America/Matamoros
./usr/share/zoneinfo/America/Mazatlan
./usr/share/zoneinfo/America/Mendoza
./usr/share/zoneinfo/America/Menominee
./usr/share/zoneinfo/America/Merida
./usr/share/zoneinfo/America/Metlakatla
./usr/share/zoneinfo/America/Mexico_City
./usr/share/zoneinfo/America/Miquelon
./usr/share/zoneinfo/America/Moncton
./usr/share/zoneinfo/America/Monterrey
./usr/share/zoneinfo/America/Montevideo
./usr/share/zoneinfo/America/Montreal
./usr/share/zoneinfo/America/Montserrat
./usr/share/zoneinfo/America/Nassau
./usr/share/zoneinfo/America/New_York
./usr/share/zoneinfo/America/Nipigon
./usr/share/zoneinfo/America/Nome
./usr/share/zoneinfo/America/Noronha
./usr/share/zoneinfo/America/North_Dakota/Beulah
./usr/share/zoneinfo/America/North_Dakota/Center
./usr/share/zoneinfo/America/North_Dakota/New_Salem
./usr/share/zoneinfo/America/Ojinaga
./usr/share/zoneinfo/America/Panama
./usr/share/zoneinfo/America/Pangnirtung
./usr/share/zoneinfo/America/Paramaribo
./usr/share/zoneinfo/America/Phoenix
./usr/share/zoneinfo/America/Port-au-Prince
./usr/share/zoneinfo/America/Port_of_Spain
./usr/share/zoneinfo/America/Porto_Acre
./usr/share/zoneinfo/America/Porto_Velho
./usr/share/zoneinfo/America/Puerto_Rico
./usr/share/zoneinfo/America/Rainy_River
./usr/share/zoneinfo/America/Rankin_Inlet
./usr/share/zoneinfo/America/Recife
./usr/share/zoneinfo/America/Regina
./usr/share/zoneinfo/America/Resolute
./usr/share/zoneinfo/America/Rio_Branco
./usr/share/zoneinfo/America/Rosario
./usr/share/zoneinfo/America/Santa_Isabel
./usr/share/zoneinfo/America/Santarem
./usr/share/zoneinfo/America/Santiago
./usr/share/zoneinfo/America/Santo_Domingo
./usr/share/zoneinfo/America/Sao_Paulo
./usr/share/zoneinfo/America/Scoresbysund
./usr/share/zoneinfo/America/Shiprock
./usr/share/zoneinfo/America/Sitka
./usr/share/zoneinfo/America/St_Barthelemy
./usr/share/zoneinfo/America/St_Johns
./usr/share/zoneinfo/America/St_Kitts
./usr/share/zoneinfo/America/St_Lucia
./usr/share/zoneinfo/America/St_Thomas
./usr/share/zoneinfo/America/St_Vincent
./usr/share/zoneinfo/America/Swift_Current
./usr/share/zoneinfo/America/Tegucigalpa
./usr/share/zoneinfo/America/Thule
./usr/share/zoneinfo/America/Thunder_Bay
./usr/share/zoneinfo/America/Tijuana
./usr/share/zoneinfo/America/Toronto
./usr/share/zoneinfo/America/Tortola
./usr/share/zoneinfo/America/Vancouver
./usr/share/zoneinfo/America/Virgin
./usr/share/zoneinfo/America/Whitehorse
./usr/share/zoneinfo/America/Winnipeg
./usr/share/zoneinfo/America/Yakutat
./usr/share/zoneinfo/America/Yellowknife
./usr/share/zoneinfo/Arctic/Longyearbyen
./usr/share/zoneinfo/Atlantic/Azores
./usr/share/zoneinfo/Atlantic/Bermuda
./usr/share/zoneinfo/Atlantic/Canary
./usr/share/zoneinfo/Atlantic/Cape_Verde
./usr/share/zoneinfo/Atlantic/Faeroe
./usr/share/zoneinfo/Atlantic/Faroe
./usr/share/zoneinfo/Atlantic/Jan_Mayen
./usr/share/zoneinfo/Atlantic/Madeira
./usr/share/zoneinfo/Atlantic/Reykjavik
./usr/share/zoneinfo/Atlantic/South_Georgia
./usr/share/zoneinfo/Atlantic/St_Helena
./usr/share/zoneinfo/Atlantic/Stanley
./usr/share/zoneinfo/Australia/ACT
./usr/share/zoneinfo/Australia/Adelaide
./usr/share/zoneinfo/Australia/Brisbane
./usr/share/zoneinfo/Australia/Broken_Hill
./usr/share/zoneinfo/Australia/Canberra
./usr/share/zoneinfo/Australia/Currie
./usr/share/zoneinfo/Australia/Darwin
./usr/share/zoneinfo/Australia/Eucla
./usr/share/zoneinfo/Australia/Hobart
./usr/share/zoneinfo/Australia/LHI
./usr/share/zoneinfo/Australia/Lindeman
./usr/share/zoneinfo/Australia/Lord_Howe
./usr/share/zoneinfo/Australia/Melbourne
./usr/share/zoneinfo/Australia/NSW
./usr/share/zoneinfo/Australia/North
./usr/share/zoneinfo/Australia/Perth
./usr/share/zoneinfo/Australia/Queensland
./usr/share/zoneinfo/Australia/South
./usr/share/zoneinfo/Australia/Sydney
./usr/share/zoneinfo/Australia/Tasmania
./usr/share/zoneinfo/Australia/Victoria
./usr/share/zoneinfo/Australia/West
./usr/share/zoneinfo/Australia/Yancowinna
./usr/share/zoneinfo/CET
./usr/share/zoneinfo/CST6CDT
./usr/share/zoneinfo/Canada/Atlantic
./usr/share/zoneinfo/Canada/Central
./usr/share/zoneinfo/Canada/East-Saskatchewan
./usr/share/zoneinfo/Canada/Eastern
./usr/share/zoneinfo/Canada/Mountain
./usr/share/zoneinfo/Canada/Newfoundland
./usr/share/zoneinfo/Canada/Pacific
./usr/share/zoneinfo/Canada/Saskatchewan
./usr/share/zoneinfo/Canada/Yukon
./usr/share/zoneinfo/EET
./usr/share/zoneinfo/EST
./usr/share/zoneinfo/EST5EDT
./usr/share/zoneinfo/Etc/GMT
./usr/share/zoneinfo/Etc/GMT+0
./usr/share/zoneinfo/Etc/GMT+1
./usr/share/zoneinfo/Etc/GMT+10
./usr/share/zoneinfo/Etc/GMT+11
./usr/share/zoneinfo/Etc/GMT+12
./usr/share/zoneinfo/Etc/GMT+2
./usr/share/zoneinfo/Etc/GMT+3
./usr/share/zoneinfo/Etc/GMT+4
./usr/share/zoneinfo/Etc/GMT+5
./usr/share/zoneinfo/Etc/GMT+6
./usr/share/zoneinfo/Etc/GMT+7
./usr/share/zoneinfo/Etc/GMT+8
./usr/share/zoneinfo/Etc/GMT+9
./usr/share/zoneinfo/Etc/GMT-0
./usr/share/zoneinfo/Etc/GMT-1
./usr/share/zoneinfo/Etc/GMT-10
./usr/share/zoneinfo/Etc/GMT-11
./usr/share/zoneinfo/Etc/GMT-12
./usr/share/zoneinfo/Etc/GMT-13
./usr/share/zoneinfo/Etc/GMT-14
./usr/share/zoneinfo/Etc/GMT-2
./usr/share/zoneinfo/Etc/GMT-3
./usr/share/zoneinfo/Etc/GMT-4
./usr/share/zoneinfo/Etc/GMT-5
./usr/share/zoneinfo/Etc/GMT-6
./usr/share/zoneinfo/Etc/GMT-7
./usr/share/zoneinfo/Etc/GMT-8
./usr/share/zoneinfo/Etc/GMT-9
./usr/share/zoneinfo/Etc/GMT0
./usr/share/zoneinfo/Etc/Greenwich
./usr/share/zoneinfo/Etc/UCT
./usr/share/zoneinfo/Etc/UTC
./usr/share/zoneinfo/Etc/Universal
./usr/share/zoneinfo/Etc/Zulu
./usr/share/zoneinfo/Europe/Amsterdam
./usr/share/zoneinfo/Europe/Andorra
./usr/share/zoneinfo/Europe/Athens
./usr/share/zoneinfo/Europe/Belfast
./usr/share/zoneinfo/Europe/Belgrade
./usr/share/zoneinfo/Europe/Berlin
./usr/share/zoneinfo/Europe/Bratislava
./usr/share/zoneinfo/Europe/Brussels
./usr/share/zoneinfo/Europe/Bucharest
./usr/share/zoneinfo/Europe/Budapest
./usr/share/zoneinfo/Europe/Chisinau
./usr/share/zoneinfo/Europe/Copenhagen
./usr/share/zoneinfo/Europe/Dublin
./usr/share/zoneinfo/Europe/Gibraltar
./usr/share/zoneinfo/Europe/Guernsey
./usr/share/zoneinfo/Europe/Helsinki
./usr/share/zoneinfo/Europe/Isle_of_Man
./usr/share/zoneinfo/Europe/Istanbul
./usr/share/zoneinfo/Europe/Jersey
./usr/share/zoneinfo/Europe/Kaliningrad
./usr/share/zoneinfo/Europe/Kiev
./usr/share/zoneinfo/Europe/Lisbon
./usr/share/zoneinfo/Europe/Ljubljana
./usr/share/zoneinfo/Europe/London
./usr/share/zoneinfo/Europe/Luxembourg
./usr/share/zoneinfo/Europe/Madrid
./usr/share/zoneinfo/Europe/Malta
./usr/share/zoneinfo/Europe/Mariehamn
./usr/share/zoneinfo/Europe/Minsk
./usr/share/zoneinfo/Europe/Monaco
./usr/share/zoneinfo/Europe/Moscow
./usr/share/zoneinfo/Europe/Nicosia
./usr/share/zoneinfo/Europe/Oslo
./usr/share/zoneinfo/Europe/Paris
./usr/share/zoneinfo/Europe/Podgorica
./usr/share/zoneinfo/Europe/Prague
./usr/share/zoneinfo/Europe/Riga
./usr/share/zoneinfo/Europe/Rome
./usr/share/zoneinfo/Europe/Samara
./usr/share/zoneinfo/Europe/San_Marino
./usr/share/zoneinfo/Europe/Sarajevo
./usr/share/zoneinfo/Europe/Simferopol
./usr/share/zoneinfo/Europe/Skopje
./usr/share/zoneinfo/Europe/Sofia
./usr/share/zoneinfo/Europe/Stockholm
./usr/share/zoneinfo/Europe/Tallinn
./usr/share/zoneinfo/Europe/Tirane
./usr/share/zoneinfo/Europe/Tiraspol
./usr/share/zoneinfo/Europe/Uzhgorod
./usr/share/zoneinfo/Europe/Vaduz
./usr/share/zoneinfo/Europe/Vatican
./usr/share/zoneinfo/Europe/Vienna
./usr/share/zoneinfo/Europe/Vilnius
./usr/share/zoneinfo/Europe/Volgograd
./usr/share/zoneinfo/Europe/Warsaw
./usr/share/zoneinfo/Europe/Zagreb
./usr/share/zoneinfo/Europe/Zaporozhye
./usr/share/zoneinfo/Europe/Zurich
./usr/share/zoneinfo/GMT
./usr/share/zoneinfo/GMT+0
./usr/share/zoneinfo/GMT-0
./usr/share/zoneinfo/GMT0
./usr/share/zoneinfo/Greenwich
./usr/share/zoneinfo/HST
./usr/share/zoneinfo/PST8PDT
./usr/share/zoneinfo/Pacific/Apia
./usr/share/zoneinfo/Pacific/Auckland
./usr/share/zoneinfo/Pacific/Chatham
./usr/share/zoneinfo/Pacific/Chuuk
./usr/share/zoneinfo/Pacific/Easter
./usr/share/zoneinfo/Pacific/Efate
./usr/share/zoneinfo/Pacific/Enderbury
./usr/share/zoneinfo/Pacific/Fakaofo
./usr/share/zoneinfo/Pacific/Fiji
./usr/share/zoneinfo/Pacific/Funafuti
./usr/share/zoneinfo/Pacific/Galapagos
./usr/share/zoneinfo/Pacific/Gambier
./usr/share/zoneinfo/Pacific/Guadalcanal
./usr/share/zoneinfo/Pacific/Guam
./usr/share/zoneinfo/Pacific/Honolulu
./usr/share/zoneinfo/Pacific/Johnston
./usr/share/zoneinfo/Pacific/Kiritimati
./usr/share/zoneinfo/Pacific/Kosrae
./usr/share/zoneinfo/Pacific/Kwajalein
./usr/share/zoneinfo/Pacific/Majuro
./usr/share/zoneinfo/Pacific/Marquesas
./usr/share/zoneinfo/Pacific/Midway
./usr/share/zoneinfo/Pacific/Nauru
./usr/share/zoneinfo/Pacific/Niue
./usr/share/zoneinfo/Pacific/Norfolk
./usr/share/zoneinfo/Pacific/Noumea
./usr/share/zoneinfo/Pacific/Pago_Pago
./usr/share/zoneinfo/Pacific/Palau
./usr/share/zoneinfo/Pacific/Pitcairn
./usr/share/zoneinfo/Pacific/Pohnpei
./usr/share/zoneinfo/Pacific/Ponape
./usr/share/zoneinfo/Pacific/Port_Moresby
./usr/share/zoneinfo/Pacific/Rarotonga
./usr/share/zoneinfo/Pacific/Saipan
./usr/share/zoneinfo/Pacific/Samoa
./usr/share/zoneinfo/Pacific/Tahiti
./usr/share/zoneinfo/Pacific/Tarawa
./usr/share/zoneinfo/Pacific/Tongatapu
./usr/share/zoneinfo/Pacific/Truk
./usr/share/zoneinfo/Pacific/Wake
./usr/share/zoneinfo/Pacific/Wallis
./usr/share/zoneinfo/Pacific/Yap
./usr/share/zoneinfo/Poland
./usr/share/zoneinfo/US/Alaska
./usr/share/zoneinfo/US/Aleutian
./usr/share/zoneinfo/US/Arizona
./usr/share/zoneinfo/US/Central
./usr/share/zoneinfo/US/East-Indiana
./usr/share/zoneinfo/US/Eastern
./usr/share/zoneinfo/US/Hawaii
./usr/share/zoneinfo/US/Indiana-Starke
./usr/share/zoneinfo/US/Michigan
./usr/share/zoneinfo/US/Mountain
./usr/share/zoneinfo/US/Pacific
./usr/share/zoneinfo/US/Pacific-New
./usr/share/zoneinfo/US/Samoa
./usr/share/zoneinfo/UTC
./usr/share/zoneinfo/Universal
./usr/share/zoneinfo/Zulu
./usr/share/zoneinfo/iso3166.tab
./usr/share/zoneinfo/posixrules
./usr/share/zoneinfo/zone.tab
